---
source: src/tests/writer.rs
expression: handle
---
==================
Dumping index 0
Root: Metadata { dimensions: 30, items: RoaringBitmap<100 values between 0 and 99>, roots: [8, 17, 24, 35, 44, 55, 64, 75, 86, 97], distance: "euclidean" }
Tree 0: Descendants(Descendants { descendants: [6, 14, 18, 21, 22, 23, 26, 28, 40, 42, 43, 44, 47, 51, 54, 59, 61, 62, 68, 73, 80, 82, 83, 87, 90] })
Tree 1: Descendants(Descendants { descendants: [8, 10, 15, 17, 20, 24, 34, 37, 46, 49, 53, 55, 57, 66, 71, 75, 77, 79, 92, 95, 98] })
Tree 2: SplitPlaneNormal(SplitPlaneNormal<euclidean> { left: Tree(0), right: Tree(1), normal: [-0.2169, 0.0505, 0.0138, 0.1637, -0.1566, -0.2702, 0.1215, 0.0399, 0.3132, 0.3827, "other ..."] })
Tree 3: Descendants(Descendants { descendants: [9, 12, 29, 31, 32, 35, 36, 64, 89, 93, 96] })
Tree 4: Descendants(Descendants { descendants: [3, 5, 7, 11, 25, 30, 39, 48, 52, 58, 60, 67, 69, 70, 81, 86, 91, 97, 99] })
Tree 5: Descendants(Descendants { descendants: [0, 1, 2, 4, 13, 16, 19, 27, 33, 38, 41, 45, 50, 56, 63, 65, 72, 74, 76, 78, 84, 85, 88, 94] })
Tree 6: SplitPlaneNormal(SplitPlaneNormal<euclidean> { left: Tree(4), right: Tree(5), normal: [0.0550, -0.0317, -0.1815, 0.1748, 0.2592, 0.1276, 0.0648, -0.3539, -0.1585, 0.0911, "other ..."] })
Tree 7: SplitPlaneNormal(SplitPlaneNormal<euclidean> { left: Tree(3), right: Tree(6), normal: [-0.0346, 0.4691, 0.1765, -0.0148, 0.0259, 0.1307, -0.1240, -0.1665, 0.0875, 0.1291, "other ..."] })
Tree 8: SplitPlaneNormal(SplitPlaneNormal<euclidean> { left: Tree(2), right: Tree(7), normal: [-0.0833, -0.0190, -0.0905, 0.1619, -0.0567, 0.2069, -0.2559, -0.1137, 0.0169, -0.0864, "other ..."] })
Tree 11: Descendants(Descendants { descendants: [0, 1, 3, 4, 7, 9, 10, 11, 13, 27, 29, 30, 31, 39, 45, 50, 56, 57, 60, 64, 65, 67, 73, 84, 85, 88, 91, 97] })
Tree 14: Descendants(Descendants { descendants: [25, 32, 33, 49, 81, 99] })
Tree 15: SplitPlaneNormal(SplitPlaneNormal<euclidean> { left: Tree(103), right: Tree(14), normal: [-0.3533, -0.1026, 0.1114, 0.1360, -0.1732, 0.1633, -0.0302, -0.1458, -0.0030, -0.2101, "other ..."] })
Tree 16: SplitPlaneNormal(SplitPlaneNormal<euclidean> { left: Tree(100), right: Tree(15), normal: [0.2420, -0.1007, 0.3792, 0.0349, -0.0702, 0.0947, -0.3028, -0.1386, -0.2889, 0.0402, "other ..."] })
Tree 17: SplitPlaneNormal(SplitPlaneNormal<euclidean> { left: Tree(11), right: Tree(16), normal: [-0.0014, -0.0866, -0.0081, 0.0327, -0.1021, -0.1147, 0.0955, 0.0205, 0.2358, -0.1408, "other ..."] })
Tree 18: Descendants(Descendants { descendants: [4, 7, 9, 11, 25, 27, 29, 33, 48, 52, 56, 58, 60, 67, 76, 78, 81, 91, 97] })
Tree 19: Descendants(Descendants { descendants: [0, 1, 6, 12, 13, 14, 18, 19, 31, 35, 38, 39, 42, 45, 50, 51, 54, 64, 85, 86, 89, 93, 94, 96] })
Tree 20: SplitPlaneNormal(SplitPlaneNormal<euclidean> { left: Tree(18), right: Tree(19), normal: [-0.0557, -0.0514, -0.1661, -0.1599, 0.0364, -0.1539, 0.0511, -0.1720, -0.0989, -0.0885, "other ..."] })
Tree 21: Descendants(Descendants { descendants: [2, 3, 5, 8, 15, 16, 17, 20, 24, 32, 36, 49, 59, 62, 63, 65, 66, 69, 70, 75, 79, 80, 83, 84, 87, 92] })
Tree 23: SplitPlaneNormal(SplitPlaneNormal<euclidean> { left: Tree(21), right: Tree(106), normal: [0.1147, 0.1494, -0.3442, -0.2764, 0.1638, -0.3154, 0.0552, 0.1184, 0.1290, 0.0611, "other ..."] })
Tree 24: SplitPlaneNormal(SplitPlaneNormal<euclidean> { left: Tree(20), right: Tree(23), normal: [-0.0617, -0.0186, -0.1350, -0.3128, -0.0542, 0.0524, 0.2907, 0.1259, 0.0908, 0.2518, "other ..."] })
Tree 25: Descendants(Descendants { descendants: [] })
Tree 26: Descendants(Descendants { descendants: [5, 16, 18, 22, 36, 43, 44, 49, 59, 83, 84, 96] })
Tree 28: SplitPlaneNormal(SplitPlaneNormal<euclidean> { left: Tree(26), right: Tree(111), normal: [0.0098, 0.2629, -0.1633, -0.1082, -0.0680, -0.1540, 0.0015, 0.1634, 0.2796, 0.1046, "other ..."] })
Tree 29: Descendants(Descendants { descendants: [7, 9, 11, 12, 31, 32, 33, 35, 39, 52, 58, 69, 74, 81, 86, 89, 92, 97, 99] })
Tree 30: SplitPlaneNormal(SplitPlaneNormal<euclidean> { left: Tree(28), right: Tree(29), normal: [-0.1005, -0.0667, 0.1734, 0.2457, 0.1330, 0.0145, -0.1141, -0.0260, -0.1916, -0.1144, "other ..."] })
Tree 31: SplitPlaneNormal(SplitPlaneNormal<euclidean> { left: Tree(25), right: Tree(30), normal: [0.0357, 0.2985, -0.2477, -0.0879, 0.2653, 0.2303, 0.1487, 0.0825, -0.0937, 0.1187, "other ..."] })
Tree 34: Descendants(Descendants { descendants: [0, 1, 2, 4, 13, 19, 24, 25, 27, 29, 41, 42, 45, 51, 56, 57, 60, 63, 64, 65, 77, 85, 91, 93, 94] })
Tree 35: SplitPlaneNormal(SplitPlaneNormal<euclidean> { left: Tree(31), right: Tree(34), normal: [-0.1861, -0.2141, -0.1520, 0.0974, 0.0900, 0.2616, -0.0688, -0.2960, -0.0378, -0.0949, "other ..."] })
Tree 36: Descendants(Descendants { descendants: [8, 15, 18, 21, 36, 42, 53, 59, 71, 87, 89, 93, 98] })
Tree 38: Descendants(Descendants { descendants: [4, 11, 23, 33, 48, 52, 54, 63, 64, 66, 69, 74, 75, 88, 90, 99] })
Tree 39: SplitPlaneNormal(SplitPlaneNormal<euclidean> { left: Tree(114), right: Tree(38), normal: [0.2761, -0.2159, -0.3421, 0.2165, 0.3175, -0.0799, 0.0880, 0.0680, 0.0497, -0.0448, "other ..."] })
Tree 40: SplitPlaneNormal(SplitPlaneNormal<euclidean> { left: Tree(36), right: Tree(39), normal: [-0.0582, 0.0824, 0.2122, 0.1920, 0.2041, -0.0451, -0.0324, 0.0349, 0.0748, 0.2791, "other ..."] })
Tree 41: Descendants(Descendants { descendants: [1, 2, 3, 6, 22, 29, 40, 41, 43, 44, 45, 47, 49, 50, 65, 72, 73, 77, 80, 82, 83, 85, 92, 94] })
Tree 42: Descendants(Descendants { descendants: [13, 14, 16, 24, 30, 32, 35, 37, 38, 51, 57, 61, 78, 79, 95, 96] })
Tree 43: SplitPlaneNormal(SplitPlaneNormal<euclidean> { left: Tree(41), right: Tree(42), normal: [-0.2362, 0.0074, -0.1011, 0.1902, -0.2410, -0.2179, 0.1000, -0.2451, 0.0583, 0.2037, "other ..."] })
Tree 44: SplitPlaneNormal(SplitPlaneNormal<euclidean> { left: Tree(40), right: Tree(43), normal: [-0.0723, -0.1644, -0.4771, -0.0662, 0.1894, 0.0474, 0.2151, 0.0954, -0.0123, 0.1914, "other ..."] })
Tree 45: Descendants(Descendants { descendants: [23, 43, 46, 49, 53, 55, 66, 75, 82] })
Tree 46: Descendants(Descendants { descendants: [0, 6, 8, 18, 21, 22, 28, 31, 39, 41, 42, 44, 45, 47, 50, 51, 52, 54, 58, 59, 72, 76, 77, 80, 85, 88, 91, 93, 98] })
Tree 47: Descendants(Descendants { descendants: [10, 13, 19, 27, 37, 40, 67, 71, 73, 86, 87, 90] })
Tree 48: SplitPlaneNormal(SplitPlaneNormal<euclidean> { left: Tree(46), right: Tree(47), normal: [-0.0763, 0.0885, -0.2724, 0.0145, 0.0947, -0.2347, 0.1067, -0.0488, 0.0689, 0.0441, "other ..."] })
Tree 49: Descendants(Descendants { descendants: [] })
Tree 50: SplitPlaneNormal(SplitPlaneNormal<euclidean> { left: Tree(48), right: Tree(49), normal: [-0.0493, 0.0077, 0.1071, 0.2488, -0.0877, -0.1022, -0.1081, -0.0104, 0.0486, -0.0089, "other ..."] })
Tree 51: Descendants(Descendants { descendants: [1, 14, 29, 30, 35, 38, 57, 63, 64, 65, 78, 83, 89, 94, 95, 97] })
Tree 53: SplitPlaneNormal(SplitPlaneNormal<euclidean> { left: Tree(51), right: Tree(117), normal: [-0.2008, 0.1922, 0.3079, -0.0453, -0.3244, 0.1055, -0.0466, -0.1035, 0.1446, -0.0438, "other ..."] })
Tree 54: SplitPlaneNormal(SplitPlaneNormal<euclidean> { left: Tree(50), right: Tree(53), normal: [-0.2175, -0.1158, -0.0781, 0.0622, -0.2080, 0.0082, 0.1641, 0.0493, -0.0815, 0.2456, "other ..."] })
Tree 55: SplitPlaneNormal(SplitPlaneNormal<euclidean> { left: Tree(45), right: Tree(54), normal: [-0.0297, 0.0635, -0.0090, 0.0742, 0.0765, 0.2930, -0.2378, -0.0111, -0.1069, -0.1084, "other ..."] })
Tree 58: Descendants(Descendants { descendants: [1, 3, 4, 7, 11, 14, 27, 29, 30, 33, 39, 50, 52, 56, 57, 67, 68, 81, 86, 88, 93, 94, 95, 97, 99] })
Tree 59: Descendants(Descendants { descendants: [5, 9, 15, 23, 31, 32, 45, 63, 64, 65, 69, 77, 83, 89, 92] })
Tree 60: SplitPlaneNormal(SplitPlaneNormal<euclidean> { left: Tree(58), right: Tree(59), normal: [0.1786, -0.1600, -0.2775, -0.0898, 0.1079, 0.1067, -0.0025, 0.0785, -0.0136, -0.0227, "other ..."] })
Tree 61: Descendants(Descendants { descendants: [12, 16, 17, 19, 24, 25, 26, 34, 35, 36, 37, 41, 49, 53, 55, 60, 62, 70, 71, 74, 75, 78, 79, 91, 96, 98] })
Tree 63: SplitPlaneNormal(SplitPlaneNormal<euclidean> { left: Tree(61), right: Tree(120), normal: [0.0237, 0.2316, 0.0207, 0.0743, 0.2916, 0.2200, 0.0594, 0.0390, -0.4108, -0.0552, "other ..."] })
Tree 64: SplitPlaneNormal(SplitPlaneNormal<euclidean> { left: Tree(60), right: Tree(63), normal: [-0.0179, -0.0168, -0.2421, -0.1799, -0.1356, 0.0168, 0.1303, -0.2701, 0.3890, -0.1482, "other ..."] })
Tree 65: Descendants(Descendants { descendants: [3, 7, 9, 10, 17, 25, 30, 37, 38, 39, 55, 56, 60, 65, 67, 77, 78, 86, 88, 94, 97] })
Tree 66: Descendants(Descendants { descendants: [1, 4, 11, 13, 19, 27, 42, 54, 58, 73, 76, 85, 87, 91] })
Tree 67: SplitPlaneNormal(SplitPlaneNormal<euclidean> { left: Tree(65), right: Tree(66), normal: [0.0741, 0.1397, -0.1747, 0.1955, 0.0976, -0.0066, -0.2642, -0.4876, -0.0256, -0.1423, "other ..."] })
Tree 68: Descendants(Descendants { descendants: [12, 32, 35, 75, 99] })
Tree 70: Descendants(Descendants { descendants: [0, 5, 6, 18, 22, 31, 33, 44, 45, 51, 64, 68, 89, 93] })
Tree 71: SplitPlaneNormal(SplitPlaneNormal<euclidean> { left: Tree(123), right: Tree(70), normal: [0.0908, -0.0903, 0.3735, 0.0708, -0.0676, -0.1918, -0.1890, -0.2189, -0.3541, -0.3300, "other ..."] })
Tree 72: Descendants(Descendants { descendants: [21, 23, 41, 43, 46, 49, 53, 59, 71, 80] })
Tree 73: SplitPlaneNormal(SplitPlaneNormal<euclidean> { left: Tree(71), right: Tree(72), normal: [-0.0215, 0.0861, 0.0260, -0.2042, -0.1901, -0.1088, 0.0154, -0.2001, 0.3676, -0.0737, "other ..."] })
Tree 74: SplitPlaneNormal(SplitPlaneNormal<euclidean> { left: Tree(68), right: Tree(73), normal: [0.1338, 0.3609, -0.1010, -0.1138, 0.0836, 0.0482, -0.0207, 0.0315, 0.1349, 0.1157, "other ..."] })
Tree 75: SplitPlaneNormal(SplitPlaneNormal<euclidean> { left: Tree(67), right: Tree(74), normal: [0.0874, -0.1312, 0.0401, 0.1433, -0.0151, -0.0312, 0.0888, 0.0681, -0.2158, -0.0702, "other ..."] })
Tree 80: Descendants(Descendants { descendants: [0, 1, 4, 7, 11, 12, 17, 19, 25, 31, 32, 33, 35, 36, 48, 49, 56, 58, 60, 63, 66, 70, 74, 75, 81, 91, 93, 96, 99] })
Tree 81: Descendants(Descendants { descendants: [27, 85] })
Tree 83: Descendants(Descendants { descendants: [3, 5, 6, 8, 9, 13, 15, 18, 20, 24, 40, 45, 46, 57, 61, 65, 73, 77, 79, 82, 83, 87, 89, 92, 95] })
Tree 84: SplitPlaneNormal(SplitPlaneNormal<euclidean> { left: Tree(126), right: Tree(83), normal: [-0.0973, 0.2024, -0.0486, 0.1536, -0.0050, 0.0761, -0.0099, -0.1343, -0.3098, 0.2276, "other ..."] })
Tree 85: SplitPlaneNormal(SplitPlaneNormal<euclidean> { left: Tree(81), right: Tree(84), normal: [0.1433, -0.2044, -0.0819, -0.1305, 0.0272, 0.1805, 0.0805, 0.1128, 0.0279, -0.0258, "other ..."] })
Tree 86: SplitPlaneNormal(SplitPlaneNormal<euclidean> { left: Tree(80), right: Tree(85), normal: [0.0240, 0.1785, 0.0265, -0.3440, 0.1702, 0.0470, 0.0107, 0.2175, -0.0317, 0.1600, "other ..."] })
Tree 87: Descendants(Descendants { descendants: [0, 4, 13, 21, 27, 28, 29, 37, 38, 40, 41, 47, 50, 72, 73, 76, 80, 82, 85, 91] })
Tree 88: Descendants(Descendants { descendants: [1, 3, 7, 10, 17, 30, 56, 67, 77, 78, 86, 88] })
Tree 89: Descendants(Descendants { descendants: [8, 20, 24, 46, 49, 61, 62, 66, 70, 75, 79, 81, 92] })
Tree 90: Descendants(Descendants { descendants: [6, 14, 18, 31, 33, 39, 42, 45, 48, 51, 57, 58, 63, 64, 89, 93, 95, 97] })
Tree 91: Descendants(Descendants { descendants: [2, 5, 9, 15, 16, 22, 23, 26, 32, 34, 35, 36, 43, 44, 52, 53, 54, 55, 68, 69, 71, 74, 83, 84, 87, 90, 94, 96, 98, 99] })
Tree 92: SplitPlaneNormal(SplitPlaneNormal<euclidean> { left: Tree(90), right: Tree(91), normal: [0.1432, -0.2381, -0.0722, -0.2146, -0.0888, -0.0131, 0.0621, 0.2812, 0.2690, -0.0300, "other ..."] })
Tree 93: Descendants(Descendants { descendants: [11, 12, 19, 25, 59, 60, 65] })
Tree 94: SplitPlaneNormal(SplitPlaneNormal<euclidean> { left: Tree(92), right: Tree(93), normal: [-0.3120, -0.2834, -0.0907, 0.0227, 0.0090, 0.3812, 0.1933, -0.4350, -0.0939, -0.1180, "other ..."] })
Tree 95: SplitPlaneNormal(SplitPlaneNormal<euclidean> { left: Tree(89), right: Tree(94), normal: [-0.0200, -0.2200, 0.1948, -0.1418, 0.1112, 0.0083, -0.0510, -0.0801, -0.3187, -0.1000, "other ..."] })
Tree 96: SplitPlaneNormal(SplitPlaneNormal<euclidean> { left: Tree(88), right: Tree(95), normal: [0.0684, -0.2434, -0.1543, 0.0337, 0.1784, 0.1295, 0.3061, -0.0175, -0.0679, -0.1419, "other ..."] })
Tree 97: SplitPlaneNormal(SplitPlaneNormal<euclidean> { left: Tree(87), right: Tree(96), normal: [-0.0316, -0.1036, 0.3252, -0.0985, -0.1286, -0.4867, -0.0286, 0.1159, -0.0177, 0.2205, "other ..."] })
Tree 98: Descendants(Descendants { descendants: [12, 17, 19, 28, 35, 38, 41, 42, 53, 55, 58, 75, 77, 78, 96, 98] })
Tree 99: Descendants(Descendants { descendants: [14, 22, 37, 40, 47, 51, 61, 66, 70, 72, 76, 79, 82, 87, 90, 95] })
Tree 100: SplitPlaneNormal(SplitPlaneNormal<euclidean> { left: Tree(98), right: Tree(99), normal: [-0.0078, 0.2489, -0.2359, 0.0425, -0.0624, 0.0527, 0.2042, 0.2301, -0.3498, -0.0920, "other ..."] })
Tree 101: Descendants(Descendants { descendants: [8, 15, 24, 83, 92, 94] })
Tree 102: Descendants(Descendants { descendants: [2, 5, 6, 16, 18, 20, 21, 23, 26, 34, 36, 43, 44, 46, 48, 52, 54, 59, 62, 63, 68, 69, 71, 74, 80, 86, 89, 93] })
Tree 103: SplitPlaneNormal(SplitPlaneNormal<euclidean> { left: Tree(101), right: Tree(102), normal: [0.0940, 0.1325, 0.0627, 0.0098, -0.2045, -0.0698, 0.1022, 0.0678, -0.0750, -0.3038, "other ..."] })
Tree 104: Descendants(Descendants { descendants: [10, 21, 28, 30, 37, 41, 47, 71, 72, 77, 88, 98] })
Tree 105: Descendants(Descendants { descendants: [22, 23, 26, 34, 40, 43, 44, 46, 53, 55, 57, 61, 68, 73, 74, 82, 90, 95, 99] })
Tree 106: SplitPlaneNormal(SplitPlaneNormal<euclidean> { left: Tree(104), right: Tree(105), normal: [-0.1170, 0.1446, 0.0602, -0.0688, 0.2407, -0.1008, 0.1718, -0.1779, -0.1381, 0.0348, "other ..."] })
Tree 107: Descendants(Descendants { descendants: [14, 20, 26, 40, 61, 67, 80, 87] })
Tree 108: Descendants(Descendants { descendants: [3, 6, 8, 10, 21, 23, 28, 30, 34, 37, 38, 47, 48, 50, 54, 55, 66, 68, 71, 72, 73, 76, 78, 79, 82, 88, 95, 98] })
Tree 109: SplitPlaneNormal(SplitPlaneNormal<euclidean> { left: Tree(107), right: Tree(108), normal: [0.2514, -0.1588, -0.0499, 0.1317, -0.2218, -0.1911, 0.0804, 0.1173, 0.2414, 0.2416, "other ..."] })
Tree 110: Descendants(Descendants { descendants: [15, 17, 46, 53, 62, 70, 75, 90] })
Tree 111: SplitPlaneNormal(SplitPlaneNormal<euclidean> { left: Tree(109), right: Tree(110), normal: [-0.2031, -0.2079, 0.3738, -0.0426, -0.0746, -0.1377, 0.0392, 0.0958, 0.1932, -0.0802, "other ..."] })
Tree 112: Descendants(Descendants { descendants: [0, 5, 7, 9, 10, 12, 17, 19, 20, 25, 27, 31, 34, 39, 46, 55, 56, 58, 60, 67, 68, 76, 81, 84, 86, 91, 97] })
Tree 113: Descendants(Descendants { descendants: [26, 28, 62, 70] })
Tree 114: SplitPlaneNormal(SplitPlaneNormal<euclidean> { left: Tree(112), right: Tree(113), normal: [-0.1107, 0.0316, 0.0135, -0.1941, -0.1442, 0.1133, -0.1829, 0.0071, 0.2601, -0.1618, "other ..."] })
Tree 115: Descendants(Descendants { descendants: [2, 3, 4, 7, 11, 12, 16, 17, 20, 25, 32, 33, 34, 36, 48, 56, 60, 68, 69, 70, 74, 79, 81, 84, 96, 99] })
Tree 116: Descendants(Descendants { descendants: [5, 9, 15, 24, 26, 61, 62, 92] })
Tree 117: SplitPlaneNormal(SplitPlaneNormal<euclidean> { left: Tree(115), right: Tree(116), normal: [-0.0406, 0.1263, 0.0654, -0.2637, -0.0650, 0.0877, -0.2022, 0.0139, -0.0035, -0.1877, "other ..."] })
Tree 118: Descendants(Descendants { descendants: [2, 10, 13, 20, 21, 28, 40, 46, 47, 48, 61, 66, 72, 73, 76, 80, 87, 90] })
Tree 119: Descendants(Descendants { descendants: [0, 6, 8, 18, 22, 38, 42, 43, 44, 51, 54, 58, 59, 82, 84, 85] })
Tree 120: SplitPlaneNormal(SplitPlaneNormal<euclidean> { left: Tree(118), right: Tree(119), normal: [0.2462, -0.2241, 0.3383, -0.2016, 0.0430, -0.0574, 0.1455, -0.2949, -0.0625, 0.0844, "other ..."] })
Tree 121: Descendants(Descendants { descendants: [8, 20, 34, 36, 47, 48, 50, 52, 63, 66, 69, 72, 74, 79, 81, 82, 84, 95, 96, 98] })
Tree 122: Descendants(Descendants { descendants: [2, 14, 15, 16, 24, 26, 28, 29, 40, 57, 61, 62, 70, 83, 90, 92] })
Tree 123: SplitPlaneNormal(SplitPlaneNormal<euclidean> { left: Tree(121), right: Tree(122), normal: [-0.1843, -0.0871, -0.0603, -0.1272, 0.2035, 0.1519, -0.1754, 0.2246, 0.0560, 0.0408, "other ..."] })
Tree 124: Descendants(Descendants { descendants: [14, 16, 22, 38, 41, 42, 43, 44, 50, 51, 53, 59, 62, 64, 80, 84] })
Tree 125: Descendants(Descendants { descendants: [2, 10, 21, 23, 26, 28, 29, 30, 34, 37, 39, 47, 52, 54, 55, 67, 68, 69, 71, 72, 76, 78, 86, 88, 90, 94, 97, 98] })
Tree 126: SplitPlaneNormal(SplitPlaneNormal<euclidean> { left: Tree(124), right: Tree(125), normal: [-0.2156, 0.0925, 0.0242, 0.1246, -0.0758, -0.0672, -0.1816, 0.4853, 0.1643, 0.1418, "other ..."] })
Item 0: Leaf(Leaf { header: NodeHeaderEuclidean { bias: 0.0 }, vector: [0.5919, 0.9953, 0.7271, 0.7734, 0.5761, 0.8882, 0.8497, 0.0817, 0.3989, 0.3384, "other ..."] })
Item 1: Leaf(Leaf { header: NodeHeaderEuclidean { bias: 0.0 }, vector: [0.4199, 0.2620, 0.2655, 0.8414, 0.0192, 0.3828, 0.2561, 0.2692, 0.0368, 0.4624, "other ..."] })
Item 2: Leaf(Leaf { header: NodeHeaderEuclidean { bias: 0.0 }, vector: [0.0501, 0.7256, 0.0927, 0.8787, 0.0745, 0.4455, 0.1670, 0.5263, 0.3922, 0.6264, "other ..."] })
Item 3: Leaf(Leaf { header: NodeHeaderEuclidean { bias: 0.0 }, vector: [0.0001, 0.7870, 0.9674, 0.4568, 0.5250, 0.2701, 0.2417, 0.8742, 0.6869, 0.8759, "other ..."] })
Item 4: Leaf(Leaf { header: NodeHeaderEuclidean { bias: 0.0 }, vector: [0.7025, 0.3373, 0.4632, 0.7819, 0.8148, 0.1793, 0.1601, 0.3283, 0.8373, 0.0514, "other ..."] })
Item 5: Leaf(Leaf { header: NodeHeaderEuclidean { bias: 0.0 }, vector: [0.0850, 0.7778, 0.8818, 0.3427, 0.1293, 0.7240, 0.4773, 0.2871, 0.3988, 0.4014, "other ..."] })
Item 6: Leaf(Leaf { header: NodeHeaderEuclidean { bias: 0.0 }, vector: [0.3716, 0.3733, 0.0372, 0.6661, 0.0060, 0.0835, 0.1023, 0.9889, 0.4997, 0.3133, "other ..."] })
Item 7: Leaf(Leaf { header: NodeHeaderEuclidean { bias: 0.0 }, vector: [0.5699, 0.5919, 0.7788, 0.3705, 0.3807, 0.1708, 0.3678, 0.5629, 0.0612, 0.4826, "other ..."] })
Item 8: Leaf(Leaf { header: NodeHeaderEuclidean { bias: 0.0 }, vector: [0.9577, 0.1656, 0.3414, 0.9329, 0.4046, 0.9177, 0.2933, 0.5043, 0.1456, 0.5960, "other ..."] })
Item 9: Leaf(Leaf { header: NodeHeaderEuclidean { bias: 0.0 }, vector: [0.8134, 0.9647, 0.6640, 0.4464, 0.7439, 0.6904, 0.3159, 0.7607, 0.3483, 0.9963, "other ..."] })
Item 10: Leaf(Leaf { header: NodeHeaderEuclidean { bias: 0.0 }, vector: [0.9399, 0.1397, 0.3165, 0.9233, 0.4341, 0.1593, 0.9677, 0.5099, 0.2311, 0.6656, "other ..."] })
Item 11: Leaf(Leaf { header: NodeHeaderEuclidean { bias: 0.0 }, vector: [0.6560, 0.2343, 0.4079, 0.5972, 0.5766, 0.6739, 0.2985, 0.6167, 0.4834, 0.2818, "other ..."] })
Item 12: Leaf(Leaf { header: NodeHeaderEuclidean { bias: 0.0 }, vector: [0.1980, 0.0291, 0.8259, 0.6539, 0.5040, 0.6432, 0.9540, 0.8003, 0.5856, 0.5106, "other ..."] })
Item 13: Leaf(Leaf { header: NodeHeaderEuclidean { bias: 0.0 }, vector: [0.1726, 0.7399, 0.0271, 0.8721, 0.8725, 0.4023, 0.1558, 0.1044, 0.2096, 0.2081, "other ..."] })
Item 14: Leaf(Leaf { header: NodeHeaderEuclidean { bias: 0.0 }, vector: [0.8198, 0.7169, 0.1776, 0.3455, 0.4842, 0.9568, 0.4215, 0.1351, 0.8962, 0.4807, "other ..."] })
Item 15: Leaf(Leaf { header: NodeHeaderEuclidean { bias: 0.0 }, vector: [0.6031, 0.2970, 0.9485, 0.0272, 0.4336, 0.1339, 0.2209, 0.8350, 0.2566, 0.9481, "other ..."] })
Item 16: Leaf(Leaf { header: NodeHeaderEuclidean { bias: 0.0 }, vector: [0.8233, 0.8458, 0.7622, 0.9391, 0.2141, 0.4733, 0.1540, 0.0635, 0.2034, 0.3980, "other ..."] })
Item 17: Leaf(Leaf { header: NodeHeaderEuclidean { bias: 0.0 }, vector: [0.0819, 0.5362, 0.8215, 0.2263, 0.3109, 0.2738, 0.6133, 0.5147, 0.9334, 0.9877, "other ..."] })
Item 18: Leaf(Leaf { header: NodeHeaderEuclidean { bias: 0.0 }, vector: [0.0440, 0.7657, 0.2987, 0.6865, 0.6893, 0.7138, 0.5424, 0.8816, 0.8798, 0.8051, "other ..."] })
Item 19: Leaf(Leaf { header: NodeHeaderEuclidean { bias: 0.0 }, vector: [0.1390, 0.7531, 0.3249, 0.8754, 0.9984, 0.7362, 0.0281, 0.2016, 0.9443, 0.1989, "other ..."] })
Item 20: Leaf(Leaf { header: NodeHeaderEuclidean { bias: 0.0 }, vector: [0.6197, 0.4551, 0.7833, 0.2397, 0.0793, 0.5853, 0.5778, 0.2563, 0.0007, 0.1909, "other ..."] })
Item 21: Leaf(Leaf { header: NodeHeaderEuclidean { bias: 0.0 }, vector: [0.6252, 0.9240, 0.7227, 0.6810, 0.2563, 0.3321, 0.2283, 0.9226, 0.8494, 0.0356, "other ..."] })
Item 22: Leaf(Leaf { header: NodeHeaderEuclidean { bias: 0.0 }, vector: [0.5495, 0.1951, 0.6711, 0.1160, 0.8283, 0.7836, 0.9972, 0.8724, 0.5824, 0.0227, "other ..."] })
Item 23: Leaf(Leaf { header: NodeHeaderEuclidean { bias: 0.0 }, vector: [0.9915, 0.6886, 0.1976, 0.1725, 0.6776, 0.1356, 0.3842, 0.4424, 0.6939, 0.8016, "other ..."] })
Item 24: Leaf(Leaf { header: NodeHeaderEuclidean { bias: 0.0 }, vector: [0.8996, 0.9406, 0.3020, 0.7528, 0.6198, 0.0976, 0.7705, 0.3189, 0.0909, 0.7571, "other ..."] })
Item 25: Leaf(Leaf { header: NodeHeaderEuclidean { bias: 0.0 }, vector: [0.0116, 0.5323, 0.3940, 0.1382, 0.1987, 0.7287, 0.4026, 0.1442, 0.5957, 0.0340, "other ..."] })
Item 26: Leaf(Leaf { header: NodeHeaderEuclidean { bias: 0.0 }, vector: [0.6011, 0.2709, 0.5131, 0.2078, 0.4573, 0.5433, 0.0019, 0.9903, 0.2598, 0.2025, "other ..."] })
Item 27: Leaf(Leaf { header: NodeHeaderEuclidean { bias: 0.0 }, vector: [0.3569, 0.9070, 0.8412, 0.3201, 0.6998, 0.8674, 0.5494, 0.2322, 0.2969, 0.9787, "other ..."] })
Item 28: Leaf(Leaf { header: NodeHeaderEuclidean { bias: 0.0 }, vector: [0.1063, 0.1748, 0.2458, 0.7798, 0.3720, 0.4174, 0.1471, 0.0428, 0.5633, 0.6777, "other ..."] })
Item 29: Leaf(Leaf { header: NodeHeaderEuclidean { bias: 0.0 }, vector: [0.6021, 0.0690, 0.1080, 0.2535, 0.6817, 0.7899, 0.3297, 0.8656, 0.1566, 0.3560, "other ..."] })
Item 30: Leaf(Leaf { header: NodeHeaderEuclidean { bias: 0.0 }, vector: [0.8072, 0.0892, 0.5923, 0.7761, 0.4024, 0.9081, 0.5860, 0.8422, 0.4884, 0.9159, "other ..."] })
Item 31: Leaf(Leaf { header: NodeHeaderEuclidean { bias: 0.0 }, vector: [0.7584, 0.3448, 0.7315, 0.5405, 0.6797, 0.3253, 0.8611, 0.0846, 0.0174, 0.0882, "other ..."] })
Item 32: Leaf(Leaf { header: NodeHeaderEuclidean { bias: 0.0 }, vector: [0.3727, 0.6472, 0.0139, 0.0702, 0.3184, 0.1636, 0.0705, 0.9162, 0.4068, 0.2656, "other ..."] })
Item 33: Leaf(Leaf { header: NodeHeaderEuclidean { bias: 0.0 }, vector: [0.3494, 0.5787, 0.8027, 0.9625, 0.5944, 0.6781, 0.4204, 0.5899, 0.0209, 0.9001, "other ..."] })
Item 34: Leaf(Leaf { header: NodeHeaderEuclidean { bias: 0.0 }, vector: [0.3212, 0.0368, 0.7054, 0.9818, 0.4610, 0.0820, 0.0244, 0.0167, 0.1143, 0.5339, "other ..."] })
Item 35: Leaf(Leaf { header: NodeHeaderEuclidean { bias: 0.0 }, vector: [0.3281, 0.1178, 0.0533, 0.4172, 0.3990, 0.0395, 0.8533, 0.1435, 0.9799, 0.4063, "other ..."] })
Item 36: Leaf(Leaf { header: NodeHeaderEuclidean { bias: 0.0 }, vector: [0.5610, 0.9772, 0.0580, 0.7507, 0.8983, 0.4885, 0.1873, 0.5225, 0.5751, 0.0231, "other ..."] })
Item 37: Leaf(Leaf { header: NodeHeaderEuclidean { bias: 0.0 }, vector: [0.6603, 0.3675, 0.1019, 0.2193, 0.3180, 0.0591, 0.9934, 0.8583, 0.7473, 0.3644, "other ..."] })
Item 38: Leaf(Leaf { header: NodeHeaderEuclidean { bias: 0.0 }, vector: [0.5539, 0.1651, 0.6811, 0.5493, 0.9971, 0.0290, 0.3549, 0.0161, 0.3525, 0.1670, "other ..."] })
Item 39: Leaf(Leaf { header: NodeHeaderEuclidean { bias: 0.0 }, vector: [0.4498, 0.4107, 0.9992, 0.3928, 0.4779, 0.4661, 0.1282, 0.8140, 0.7490, 0.5641, "other ..."] })
Item 40: Leaf(Leaf { header: NodeHeaderEuclidean { bias: 0.0 }, vector: [0.4446, 0.4059, 0.5113, 0.2566, 0.1384, 0.9068, 0.8248, 0.7463, 0.2566, 0.7379, "other ..."] })
Item 41: Leaf(Leaf { header: NodeHeaderEuclidean { bias: 0.0 }, vector: [0.7821, 0.0623, 0.1168, 0.3609, 0.6040, 0.8336, 0.0911, 0.2181, 0.7485, 0.0281, "other ..."] })
Item 42: Leaf(Leaf { header: NodeHeaderEuclidean { bias: 0.0 }, vector: [0.1071, 0.2066, 0.9711, 0.8793, 0.2194, 0.4553, 0.3941, 0.7292, 0.5579, 0.4599, "other ..."] })
Item 43: Leaf(Leaf { header: NodeHeaderEuclidean { bias: 0.0 }, vector: [0.8608, 0.8689, 0.4918, 0.2239, 0.9291, 0.0622, 0.6843, 0.4184, 0.4703, 0.3202, "other ..."] })
Item 44: Leaf(Leaf { header: NodeHeaderEuclidean { bias: 0.0 }, vector: [0.8239, 0.7788, 0.5844, 0.5306, 0.1690, 0.9621, 0.5922, 0.4139, 0.2589, 0.8403, "other ..."] })
Item 45: Leaf(Leaf { header: NodeHeaderEuclidean { bias: 0.0 }, vector: [0.9838, 0.4742, 0.5307, 0.6989, 0.9323, 0.2140, 0.1371, 0.1113, 0.0322, 0.3001, "other ..."] })
Item 46: Leaf(Leaf { header: NodeHeaderEuclidean { bias: 0.0 }, vector: [0.3006, 0.8686, 0.8836, 0.4165, 0.2846, 0.1031, 0.4936, 0.6262, 0.2305, 0.7956, "other ..."] })
Item 47: Leaf(Leaf { header: NodeHeaderEuclidean { bias: 0.0 }, vector: [0.4506, 0.8658, 0.1164, 0.2339, 0.2266, 0.9050, 0.5849, 0.9792, 0.5951, 0.7706, "other ..."] })
Item 48: Leaf(Leaf { header: NodeHeaderEuclidean { bias: 0.0 }, vector: [0.2364, 0.6117, 0.6229, 0.5530, 0.9892, 0.5707, 0.1225, 0.4371, 0.4740, 0.5488, "other ..."] })
Item 49: Leaf(Leaf { header: NodeHeaderEuclidean { bias: 0.0 }, vector: [0.1322, 0.0670, 0.3404, 0.5339, 0.0229, 0.5964, 0.5497, 0.3819, 0.6553, 0.7129, "other ..."] })
Item 50: Leaf(Leaf { header: NodeHeaderEuclidean { bias: 0.0 }, vector: [0.7296, 0.4068, 0.9712, 0.8462, 0.0997, 0.0066, 0.1904, 0.9582, 0.0554, 0.2650, "other ..."] })
Item 51: Leaf(Leaf { header: NodeHeaderEuclidean { bias: 0.0 }, vector: [0.3643, 0.3282, 0.2580, 0.4477, 0.5920, 0.3581, 0.3502, 0.2441, 0.1707, 0.1243, "other ..."] })
Item 52: Leaf(Leaf { header: NodeHeaderEuclidean { bias: 0.0 }, vector: [0.8419, 0.7453, 0.3740, 0.0989, 0.8923, 0.2492, 0.9620, 0.1276, 0.8429, 0.6416, "other ..."] })
Item 53: Leaf(Leaf { header: NodeHeaderEuclidean { bias: 0.0 }, vector: [0.5928, 0.6267, 0.1717, 0.1604, 0.6506, 0.0302, 0.8289, 0.5930, 0.9304, 0.6067, "other ..."] })
Item 54: Leaf(Leaf { header: NodeHeaderEuclidean { bias: 0.0 }, vector: [0.7219, 0.7828, 0.4664, 0.9112, 0.0509, 0.9751, 0.7915, 0.5914, 0.1674, 0.5170, "other ..."] })
Item 55: Leaf(Leaf { header: NodeHeaderEuclidean { bias: 0.0 }, vector: [0.6095, 0.6335, 0.4740, 0.0746, 0.3871, 0.1016, 0.6414, 0.3076, 0.5484, 0.7602, "other ..."] })
Item 56: Leaf(Leaf { header: NodeHeaderEuclidean { bias: 0.0 }, vector: [0.8092, 0.6173, 0.9649, 0.1808, 0.4181, 0.1213, 0.1962, 0.3540, 0.7013, 0.1030, "other ..."] })
Item 57: Leaf(Leaf { header: NodeHeaderEuclidean { bias: 0.0 }, vector: [0.1524, 0.3441, 0.2368, 0.4350, 0.5328, 0.3005, 0.7021, 0.3614, 0.6369, 0.7984, "other ..."] })
Item 58: Leaf(Leaf { header: NodeHeaderEuclidean { bias: 0.0 }, vector: [0.2536, 0.2703, 0.9993, 0.5952, 0.8735, 0.9532, 0.1737, 0.8924, 0.8668, 0.0666, "other ..."] })
Item 59: Leaf(Leaf { header: NodeHeaderEuclidean { bias: 0.0 }, vector: [0.6227, 0.1202, 0.9715, 0.3936, 0.3423, 0.7479, 0.6526, 0.1867, 0.5568, 0.0922, "other ..."] })
Item 60: Leaf(Leaf { header: NodeHeaderEuclidean { bias: 0.0 }, vector: [0.0026, 0.4216, 0.7622, 0.5439, 0.8554, 0.1796, 0.6987, 0.4025, 0.4228, 0.6281, "other ..."] })
Item 61: Leaf(Leaf { header: NodeHeaderEuclidean { bias: 0.0 }, vector: [0.1347, 0.7000, 0.0530, 0.4959, 0.8227, 0.9831, 0.5433, 0.5201, 0.7924, 0.3847, "other ..."] })
Item 62: Leaf(Leaf { header: NodeHeaderEuclidean { bias: 0.0 }, vector: [0.5808, 0.7813, 0.2647, 0.6765, 0.3207, 0.2739, 0.9840, 0.8998, 0.8740, 0.1552, "other ..."] })
Item 63: Leaf(Leaf { header: NodeHeaderEuclidean { bias: 0.0 }, vector: [0.9221, 0.3578, 0.3207, 0.9945, 0.9288, 0.4608, 0.3001, 0.0296, 0.4678, 0.7422, "other ..."] })
Item 64: Leaf(Leaf { header: NodeHeaderEuclidean { bias: 0.0 }, vector: [0.9904, 0.6222, 0.6460, 0.6455, 0.9772, 0.9037, 0.7883, 0.2515, 0.1391, 0.0313, "other ..."] })
Item 65: Leaf(Leaf { header: NodeHeaderEuclidean { bias: 0.0 }, vector: [0.5677, 0.1247, 0.4928, 0.4097, 0.8433, 0.9238, 0.7848, 0.4437, 0.4696, 0.9886, "other ..."] })
Item 66: Leaf(Leaf { header: NodeHeaderEuclidean { bias: 0.0 }, vector: [0.0790, 0.9025, 0.2829, 0.9626, 0.1784, 0.4087, 0.1928, 0.9560, 0.0659, 0.3717, "other ..."] })
Item 67: Leaf(Leaf { header: NodeHeaderEuclidean { bias: 0.0 }, vector: [0.5299, 0.5421, 0.8194, 0.1018, 0.5426, 0.9350, 0.3228, 0.7979, 0.7473, 0.1118, "other ..."] })
Item 68: Leaf(Leaf { header: NodeHeaderEuclidean { bias: 0.0 }, vector: [0.9612, 0.0730, 0.9112, 0.5646, 0.4922, 0.6449, 0.8764, 0.1564, 0.2957, 0.6417, "other ..."] })
Item 69: Leaf(Leaf { header: NodeHeaderEuclidean { bias: 0.0 }, vector: [0.6163, 0.7762, 0.4365, 0.6713, 0.5647, 0.3449, 0.6615, 0.9430, 0.5941, 0.3563, "other ..."] })
Item 70: Leaf(Leaf { header: NodeHeaderEuclidean { bias: 0.0 }, vector: [0.9215, 0.0521, 0.5452, 0.0279, 0.2587, 0.6949, 0.7256, 0.8297, 0.7666, 0.9061, "other ..."] })
Item 71: Leaf(Leaf { header: NodeHeaderEuclidean { bias: 0.0 }, vector: [0.6478, 0.9371, 0.2378, 0.4279, 0.1400, 0.2146, 0.3193, 0.7330, 0.7932, 0.7295, "other ..."] })
Item 72: Leaf(Leaf { header: NodeHeaderEuclidean { bias: 0.0 }, vector: [0.9326, 0.0457, 0.5946, 0.7477, 0.6199, 0.1108, 0.4471, 0.9398, 0.0752, 0.2719, "other ..."] })
Item 73: Leaf(Leaf { header: NodeHeaderEuclidean { bias: 0.0 }, vector: [0.4640, 0.7218, 0.0154, 0.0829, 0.4829, 0.5139, 0.4344, 0.5872, 0.2770, 0.3745, "other ..."] })
Item 74: Leaf(Leaf { header: NodeHeaderEuclidean { bias: 0.0 }, vector: [0.9403, 0.8757, 0.3515, 0.4578, 0.4501, 0.3561, 0.3967, 0.1306, 0.5999, 0.3500, "other ..."] })
Item 75: Leaf(Leaf { header: NodeHeaderEuclidean { bias: 0.0 }, vector: [0.3639, 0.3210, 0.3718, 0.7818, 0.6264, 0.2524, 0.6018, 0.4059, 0.9744, 0.3568, "other ..."] })
Item 76: Leaf(Leaf { header: NodeHeaderEuclidean { bias: 0.0 }, vector: [0.1462, 0.7091, 0.0995, 0.5263, 0.6013, 0.7575, 0.0023, 0.4143, 0.7932, 0.8820, "other ..."] })
Item 77: Leaf(Leaf { header: NodeHeaderEuclidean { bias: 0.0 }, vector: [0.6003, 0.7202, 0.3803, 0.5052, 0.4006, 0.6708, 0.0438, 0.8432, 0.8772, 0.6849, "other ..."] })
Item 78: Leaf(Leaf { header: NodeHeaderEuclidean { bias: 0.0 }, vector: [0.3603, 0.8546, 0.3370, 0.6774, 0.9610, 0.5030, 0.5232, 0.5720, 0.9014, 0.9452, "other ..."] })
Item 79: Leaf(Leaf { header: NodeHeaderEuclidean { bias: 0.0 }, vector: [0.8093, 0.7442, 0.3738, 0.9164, 0.5923, 0.7353, 0.5379, 0.6815, 0.5925, 0.7954, "other ..."] })
Item 80: Leaf(Leaf { header: NodeHeaderEuclidean { bias: 0.0 }, vector: [0.9069, 0.8039, 0.9567, 0.7394, 0.1511, 0.2094, 0.0644, 0.3092, 0.4993, 0.7042, "other ..."] })
Item 81: Leaf(Leaf { header: NodeHeaderEuclidean { bias: 0.0 }, vector: [0.2370, 0.7334, 0.4755, 0.8921, 0.1448, 0.2971, 0.2116, 0.1124, 0.7297, 0.2965, "other ..."] })
Item 82: Leaf(Leaf { header: NodeHeaderEuclidean { bias: 0.0 }, vector: [0.8627, 0.6146, 0.0070, 0.4325, 0.2349, 0.2019, 0.0674, 0.7314, 0.4522, 0.7026, "other ..."] })
Item 83: Leaf(Leaf { header: NodeHeaderEuclidean { bias: 0.0 }, vector: [0.3071, 0.2166, 0.0566, 0.5153, 0.8628, 0.9601, 0.6390, 0.4052, 0.2759, 0.4989, "other ..."] })
Item 84: Leaf(Leaf { header: NodeHeaderEuclidean { bias: 0.0 }, vector: [0.1394, 0.1883, 0.5325, 0.5892, 0.6697, 0.7687, 0.1885, 0.3976, 0.0690, 0.7557, "other ..."] })
Item 85: Leaf(Leaf { header: NodeHeaderEuclidean { bias: 0.0 }, vector: [0.4718, 0.3682, 0.4350, 0.3129, 0.1289, 0.7526, 0.8249, 0.5640, 0.9296, 0.8479, "other ..."] })
Item 86: Leaf(Leaf { header: NodeHeaderEuclidean { bias: 0.0 }, vector: [0.0077, 0.4560, 0.1201, 0.5524, 0.2284, 0.4952, 0.7651, 0.4557, 0.0336, 0.8868, "other ..."] })
Item 87: Leaf(Leaf { header: NodeHeaderEuclidean { bias: 0.0 }, vector: [0.2909, 0.8867, 0.3238, 0.4342, 0.3491, 0.4305, 0.8452, 0.0936, 0.1220, 0.3452, "other ..."] })
Item 88: Leaf(Leaf { header: NodeHeaderEuclidean { bias: 0.0 }, vector: [0.1715, 0.3212, 0.3101, 0.2505, 0.1204, 0.6421, 0.3360, 0.8166, 0.4927, 0.2501, "other ..."] })
Item 89: Leaf(Leaf { header: NodeHeaderEuclidean { bias: 0.0 }, vector: [0.6270, 0.3774, 0.7874, 0.7272, 0.4240, 0.1508, 0.0360, 0.5710, 0.2254, 0.0950, "other ..."] })
Item 90: Leaf(Leaf { header: NodeHeaderEuclidean { bias: 0.0 }, vector: [0.4935, 0.0936, 0.1667, 0.9665, 0.5290, 0.0019, 0.5783, 0.8122, 0.4687, 0.4643, "other ..."] })
Item 91: Leaf(Leaf { header: NodeHeaderEuclidean { bias: 0.0 }, vector: [0.8560, 0.9670, 0.3969, 0.5008, 0.1567, 0.7420, 0.0072, 0.1891, 0.9690, 0.0387, "other ..."] })
Item 92: Leaf(Leaf { header: NodeHeaderEuclidean { bias: 0.0 }, vector: [0.7904, 0.0072, 0.4569, 0.6627, 0.9265, 0.1001, 0.5258, 0.5369, 0.7636, 0.1074, "other ..."] })
Item 93: Leaf(Leaf { header: NodeHeaderEuclidean { bias: 0.0 }, vector: [0.5034, 0.4728, 0.9950, 0.7630, 0.0154, 0.4453, 0.6893, 0.6996, 0.0246, 0.0245, "other ..."] })
Item 94: Leaf(Leaf { header: NodeHeaderEuclidean { bias: 0.0 }, vector: [0.7829, 0.4451, 0.3477, 0.8053, 0.8519, 0.3936, 0.3521, 0.1373, 0.3324, 0.7195, "other ..."] })
Item 95: Leaf(Leaf { header: NodeHeaderEuclidean { bias: 0.0 }, vector: [0.8157, 0.8688, 0.2659, 0.6080, 0.5274, 0.1883, 0.7562, 0.8511, 0.6928, 0.8151, "other ..."] })
Item 96: Leaf(Leaf { header: NodeHeaderEuclidean { bias: 0.0 }, vector: [0.1876, 0.9623, 0.5111, 0.9887, 0.7561, 0.7959, 0.8554, 0.0285, 0.1988, 0.8901, "other ..."] })
Item 97: Leaf(Leaf { header: NodeHeaderEuclidean { bias: 0.0 }, vector: [0.0850, 0.4087, 0.7257, 0.3157, 0.9526, 0.5290, 0.5818, 0.5460, 0.1906, 0.9422, "other ..."] })
Item 98: Leaf(Leaf { header: NodeHeaderEuclidean { bias: 0.0 }, vector: [0.9358, 0.4796, 0.9935, 0.8769, 0.5276, 0.4131, 0.0780, 0.0683, 0.1038, 0.6586, "other ..."] })
Item 99: Leaf(Leaf { header: NodeHeaderEuclidean { bias: 0.0 }, vector: [0.8320, 0.5156, 0.6172, 0.6617, 0.4999, 0.2464, 0.4536, 0.3265, 0.2163, 0.5406, "other ..."] })
